// Jest Snapshot v1, https://goo.gl/fbAQLP

exports[`convert Convert file Format to JPEG 1`] = `
{
  "format": "jpeg",
  "image": "/9j/2wBDAAYEBQYFBAYGBQYHBwYIChAKCgkJChQODwwQFxQYGBcUFhYaHSUfGhsjHBYWICwgIyYnKSopGR8tMC0oMCUoKSj/2wBDAQcHBwoIChMKChMoGhYaKCgoKCgoKCgoKCgoKCgoKCgoKCgoKCgoKCgoKCgoKCgoKCgoKCgoKCgoKCgoKCgoKCj/wAARCABkAGQDASIAAhEBAxEB/8QAGQABAAMBAQAAAAAAAAAAAAAAAAYHCAUJ/8QANBAAAQIFAgQFAgMJAAAAAAAAAAECAwQFBhEHQRITITEIFCIjUTJxF1KxVmGBkZKVwdHS/8QAFAEBAAAAAAAAAAAAAAAAAAAAAP/EABQRAQAAAAAAAAAAAAAAAAAAAAD/2gAMAwEAAhEDEQA/ANUgGZfGRc1w0CatRlDqlSpUGMyaV8WSnHwec5FhelyMVM8KYVFX8643A00DzW/Ee+P2yuT+6R/+jb/hwqU9V9GLenqrOTM9OxfMcyYmYrosR+JmKiZc5VVcIiJ9kAsoAAAAAAAAAAAAAKB8Vmn1z32y2EtSmpPeSWaWOnmIULh4+Vw/W5uc8Lu3wX8APPO5rDvbSWNQ7gm4USnzD3ccKPAiNf5eKir7b3NVW5VqZxlUVFVNnImvNDNWJHUmh8EXly1wSrE83KIuEcnbmw/lir/Sq4XZVn1xUSnXHRZuk1mVZNSE0xWRIT07p8ouyovVFTqioYZ1Fsu49Dr8lanRpqMknzViU+oNT6k3hRE7cWOip2cnX5RA3wCvNGNT6bqVbyTEHglqvLIjZ2Sz1Y787fli7Lt2UsMAAAAAAAAAAAAAAHHu626XdtAm6NXZZsxJTDcOTs5i7OauzkXqinYAGArtt26dBtRZecp8w/lo5XyU6jfbmoWfVDenzjCOb9lTZTY2kuo1K1HttlQp6pBnYWGTkm52XwH/AOWr1w7f7oqJ176tGk3vbkzRa7A5stFTLXp0fBenZ7F2cn+0XKKqGIKnI3ZoDqVDiwIi+nKwY2F5E/L56tcn8sp3auFTZQN/giWmV+UnUK2oVWo7+F6YZMyrly+XiY6td+74XdP4oktAAAAAAAAAAAAAABFtR7HpN/21Go9ahdF9UCYanuS8THR7V/VN06EpAFAeHnRWsaf3DUqvW6phV45aDKyr/bmIeekSJ+qN7pv8F/gAAAAAAAAAAAAAAAAAAAAAAAAAAAAAAAAAAAAAAAAAAAAAAAAAAAAAAAAAAAAAAAAAf//Z",
}
`;

exports[`convert Convert file Format to PNG 1`] = `
{
  "format": "png",
  "image": "iVBORw0KGgoAAAANSUhEUgAAAGQAAABkCAIAAAD/gAIDAAAACXBIWXMAAAsTAAALEwEAmpwYAAAEMklEQVR4nO2aO0grQRRAZ1dJYFOsr0gjpvBTqGk0nZ9WW9OrjY2giI0igtiICGIjxsJOtFXsxJR+Kj9drEKqrdxqC1MoceZBlgyTTH73vZjM7t5TyER2ijnce2f3zhCGNA1p/lEEZQFAWQBQFgCUBQBlAUBZHZVFKa0YBEsWaQ5N01xBtAjzHQBZmqbVN0WIz5O63vJ4dDQ0xfFl9jWWxRNqY2OjSVMksLI4Jycn3IXWyJo7xa++WlngSXnN8p+yBrLcBUMji/nRVLMF3jRNrskd8J+hUCidTteaGKwC72KaphxE3JdhGI+Pj3WmByuyIpGIaEccuGPTNF9fX8U9lPkRWIHXimrC4bBcvKLRaCaTYb6msSxKaUX2xWKxiYkJHlacWCyWy+UC+m3IV/uniK7rrpR4PO44zvj4uFzCBgcHLcvypalmXx2q/tO27ZGREbnqj46Ofnx8MD8C/vSlgj7Lsvr7++WNMpFIOI7DfMc/9gloadfLZrN9fX1yfE1NTeXzeXmKp2lBUyWTyUSjUTm+ZmZmvr6+Kh72tLJ/kUWFBbvjl5eXqi+uyWSyUCjIs4JYs6gwfnh4MAxD9rWwsOADTS6t7G3e3d2FQiH5e3t1ddUfvv43DVn5CcX19bWu6/L7/dbWVq3pAdoNmcTFxYWcjISQ/f195nF+5SgslUpV9ZVKpfgzzIO0WBYtWTg4OJBlaZp2fn4uP+8Vd62URctXvr29zR1xX11dXVdXV/Ks4EYWLa1/ZWVF9MU7PLe3t8yDtD6yRCili4uLcj5GIpH7+3v+DPMIv36GXCgUksmk7Ms0zefnZw+ZatMtmu/v79nZWdmX55qrv3iLhkMpzefz09PT4rbo/u3t7c1msyzIkUWrJZfjOIlEQo6vgYEBt7mqPu1IQ1pyZ9t2PB6viC9CyPDwsG3bdSYqQvsuCdHiyi3LGhoakj+2x8bGxOaqmje8fl0WlVo6uVxObq4SQiYnJz8/P5nCtPv6GS36en9/l5urmqbx5qqCYdXWyKLl6397e+vp6ZG/h+bm5nhzVTU6ebHx6enJMAzRlDuen5//+flh6tEZWbRUv9PpdDgcluv98vKygpnY7t1Q5ubmpru7W673m5ubTDE6loZUcHd5ecnvBojs7e0xlVDlMvbp6WnVa4XHx8dMGZSILJfDw0NZ1vr6OlOGTkYWlU6JdnZ2RFO7u7tMJVRJQ87a2hohRNf1o6Mj1TZEVWRR4d11aWnp7OyMqYcqsliNkx6lgkshWbVQx5cHZKkDygKAsgCgLAAoCwDKAoCyAKAsACgLAMoCgLIAoCwAKAsAygKAsgCgLAAoCwDKAoCyAKAsACgLAMoCgLIAoCwAKAsAygKAsgCgLAAoCwDKAoCyAKAsACgLAMoCgLIAoCwAKAsAygKAsgCgLAAoCwDKAoCyAKAs1rysv7vJ/LJB4lGPAAAAAElFTkSuQmCC",
}
`;

exports[`convert Convert file Format to TIFF 1`] = `
{
  "format": "tiff",
  "image": "SUkqAHYCAAD/2P/AABEIAGQAZAMBIgACEQEDEQH/xABoAAEAAwEBAAAAAAAAAAAAAAAABgcIBQkQAAEDAwMCBAUFAAAAAAAAAAACAwUBBAYHERMSQSEiMlEUMVKx0ggWVmGUAQEAAAAAAAAAAAAAAAAAAAAAEQEAAAAAAAAAAAAAAAAAAAAA/9oADAMBAAIRAxEAPwDVIBmv9RGQZFDPYyiNkbyxQ4i7qty2uVtcqvJ4KogDSgPNj9/Z1/LZv/c/+RuPR+RvZDTmBu7+7furhylz1uvLU4te1wulOpSgLEAAAAAAAAAAAAACiddcFyjK047SCjvifha3fPu623tycfT66pL2AHnpNYZnGnrkNMPtLtHVK6mnml0Xwupr6F1QbE0v1Nsc2jelzoZlWEU+JY9+3IgnkxERkxF3MdIWyX7Z9FULQr70r22MKZhiWSaWZTbX1hcO8HLVdjefdtwDewILprqJF5rD8zfSzfsUpS7tfpr9afdFSdAAAAAAAAAAAAAAA52QQETPRF1FyTFHmH0+NO6a9lpr2Uk6IAwJPQWVaTZgxc2r6umiqqtLrbyPtd0LNm6e55E5pDJvLTZu4b2TdWvzW0v8anWyjFYfJoa4i5NrraXTei6ettfZaPatDDV7Z5dpFmbbja/l4su+PDdsAb9BG8GzKGzCGbkrBWy6bJfYr62XPapJAAAAAAAAAAAAAAAR/McNh8sgnY2Rb/tp9NPOy52WkkAAoPSXSaaw+Xv5KRkfrYaYYV5HkdnHC/AAAAAAAAAAAAAAAAAAAAAAAAAAAAAAAAAAAAAAAAAAAAAAAAAAAAAAAAAAAAAAAAAAP//ZEQAAAQMAAQAAAGQAAAABAQMAAQAAAGQAAAACAQMAAwAAAFgDAAADAQMAAQAAAAcAAAAGAQMAAQAAAAYAAAARAQQAAQAAAAgAAAASAQMAAQAAAAEAAAAVAQMAAQAAAAMAAAAWAQMAAQAAAAABAAAXAQQAAQAAAG4CAAAaAQUAAQAAAEgDAAAbAQUAAQAAAFADAAAcAQMAAQAAAAEAAAAoAQMAAQAAAAIAAABTAQMAAwAAAF4DAABbAQcAjgAAAJQDAAAUAgUABgAAAGQDAAAAAAAAMzPLAAAACAAzM8sAAAAIAAgACAAIAAEAAQABAAAAAAABAAAA/wAAAAEAAACAAAAAAQAAAP8AAAABAAAAgAAAAAEAAAD/AAAAAQAAAP/Y/9sAQwAGBgYGBwYHCAgHCgsKCwoPDgwMDg8WEBEQERAWIhUZFRUZFSIeJB4cHiQeNiomJio2PjQyND5MRERMX1pffHyn/9sAQwEGBgYGBwYHCAgHCgsKCwoPDgwMDg8WEBEQERAWIhUZFRUZFSIeJB4cHiQeNiomJio2PjQyND5MRERMX1pffHyn/9k=",
}
`;

exports[`convert Convert file Format to WEBP 1`] = `
{
  "format": "webp",
  "image": "UklGRmQBAABXRUJQVlA4IFgBAAAwCwCdASpkAGQAPm02mEkkIyKhIUlYgA2JaQAOjzzBmArQQwDxWPKf2g9gD9Kw6kSZfMchgdZhF3FnKxByTi5zcfY8pftcScbB/KuTBov5TATuclNhmSRPGJ4xPGJ4xPF0AAD+/pOQn/v7//4sP+N9/8v/Cl/Hb0rVL/fYMBQnaK97eZfw2wb/vRB9DRkkHun+du1kc7//7qG2/8EGLnuS6/DvH7lxQGEGcn84eJQqpkct98bkWMlznS98Q+CUbFUjCqyi5QPDwIuqaNiIsB1Bm3rW78wjxNzFGIxcaOhUU0XNgeBvSyx9TOpMhYHIYvL4fEZE0eSxxRj/NCH4wCpKHVuLLCQsBQ7JdsGXapRcUhFA4XsIdqQZyvCaQ5ULO5Gd/2uwfBKgJTneOpEkUDIt6o4RhZ+kw/uVVHYyTn2ztjV+ZL9DmPJY/03vH+rh7RhDQMuAAAAAAA==",
}
`;

exports[`convert Convert file Format to gif 1`] = `
{
  "format": "gif",
  "image": "R0lGODlhZABkAIYAAExpcTAwMAAAAHV1dePj42dnZw8PDxUVFU9PT3d3d/z8/MrKytTU1Gtra5WVlSsrKzk5Oba2tjw8PJSUlK2trQoKCnx8fBEREczMzAMDA35+fgcHByMjIwICAkZGRltbW+np6ZGRkWpqatvb2zs7O29vb9XV1RwcHCkpKSIiIqOjo0VFRbi4uCgoKKKiolxcXG1tbf7+/ioqKvX19fn5+RoaGnR0dN3d3V1dXfT09IqKiurq6oyMjKysrIeHhwYGBsPDw4WFhcLCwoODg5mZmaCgoCEhIbm5uQQEBMHBwcTExAsLC/r6+v39/ZOTkx0dHRAQEP///6+vrzIyMnl5efDw8M3NzTo6OsvLywEBASQkJFBQUDExMWJiYgAAAAAAAAAAAAAAAAAAAAAAAAAAAAAAAAAAAAAAAAAAAAAAAAAAAAAAAAAAAAAAAAAAAAAAAAAAAAAAAAAAAAAAAAAAAAAAAAAAAAAAAAAAAAAAAAAAAAAAAAAAAAAAAAAAAAAAACH/C05FVFNDQVBFMi4wAwEAAAAh+QQFAAAAACwAAAAAZABkAAAH/4BRgoOEhYaHiImKi4yNjo+QkZKTlJWWl5iZmpucnZ6foKGio6SlpqeohzGCq6mnArCxsrFZqzGtrqawWbOyvLmorQK8vbNRuMChtjbExbLHyaZOtM6wrNGl1caDyNicq9TV3N6frQbEvMQ/R4Xd5Jm4Br3EFUDt752tS8O7u7wGGKC5w6eJ2oZmsA4wIKjM1xMIWRA+udFqIENJrS5c6ADrQRUuvgRwIADtIjxDq3agmJVFBgiToHARMNJrShWYMY+NOMGSxAxCFnFWYnCg1woa94RSwrUKi7xZWxRcU7p0nCAhFXq9CErVEosf/GI14Np1EbKKFDogFJDAatlHtv8MuSgW5O23CcUmTLVbNYqPeUWAluTbKG4UKv1gZeghmDDckiL68doQwTHGdjh6LUmy13IkBVt6GVhA1rMiJh56KTTtqFuMGRKoZakxgnVhQ1Wm9EpB0vbjKDsehGuxA6XvRKsIaAkLK8BNVqUtM41yg+esKzmOPzZR1NfRwdqtIrMCJbEABFLDO1JSoRmvD03Um111ZANzAQWimx4oBUmvAfIpgosKHM0yRICNOLCWACEgaBwhOvRSgoMPsmKBLBpQ2AgMAnTAg37yVdQFERoyYlhnJZqY4oostujiizDGKOOMNNZo44045qjjjjz26OOPQAYp5JBEFmnkkUgmqeQOkkw26eSTUEYp5ZSOBAIAOw==",
}
`;

exports[`convert edit the blur 1`] = `
{
  "format": "jpeg",
  "image": "/9j/2wBDAAYEBQYFBAYGBQYHBwYIChAKCgkJChQODwwQFxQYGBcUFhYaHSUfGhsjHBYWICwgIyYnKSopGR8tMC0oMCUoKSj/2wBDAQcHBwoIChMKChMoGhYaKCgoKCgoKCgoKCgoKCgoKCgoKCgoKCgoKCgoKCgoKCgoKCgoKCgoKCgoKCgoKCgoKCj/wAARCABkAGQDASIAAhEBAxEB/8QAFwABAQEBAAAAAAAAAAAAAAAAAAECCP/EABYQAQEBAAAAAAAAAAAAAAAAAAARAf/EABQBAQAAAAAAAAAAAAAAAAAAAAD/xAAUEQEAAAAAAAAAAAAAAAAAAAAA/9oADAMBAAIRAxEAPwDqUAAAAAAAAAGhMUAAGQAAAAAAAAAVUUAAGQAAAAAAAAAVUxQAAZAAAAAAAABQMUAAAZFQAAAAAFgCgAAAAAigJCKAkFAAAAAAAAAAAAAAAAAAAAAUAH//2Q==",
}
`;

exports[`convert edit the flatten 1`] = `
{
  "format": "jpeg",
  "image": "/9j/2wBDAAYEBQYFBAYGBQYHBwYIChAKCgkJChQODwwQFxQYGBcUFhYaHSUfGhsjHBYWICwgIyYnKSopGR8tMC0oMCUoKSj/2wBDAQcHBwoIChMKChMoGhYaKCgoKCgoKCgoKCgoKCgoKCgoKCgoKCgoKCgoKCgoKCgoKCgoKCgoKCgoKCgoKCgoKCj/wAARCABkAGQDASIAAhEBAxEB/8QAGQABAAMBAQAAAAAAAAAAAAAAAAYHCAUJ/8QANBAAAQIFAgQFAgMJAAAAAAAAAAECAwQFBhEHQRITITEIFCIjUTJxF1KxVmGBkZKVwdHS/8QAFAEBAAAAAAAAAAAAAAAAAAAAAP/EABQRAQAAAAAAAAAAAAAAAAAAAAD/2gAMAwEAAhEDEQA/ANUgGZfGRc1w0CatRlDqlSpUGMyaV8WSnHwec5FhelyMVM8KYVFX8643A00DzW/Ee+P2yuT+6R/+jb/hwqU9V9GLenqrOTM9OxfMcyYmYrosR+JmKiZc5VVcIiJ9kAsoAAAAAAAAAAAAAKB8Vmn1z32y2EtSmpPeSWaWOnmIULh4+Vw/W5uc8Lu3wX8APPO5rDvbSWNQ7gm4USnzD3ccKPAiNf5eKir7b3NVW5VqZxlUVFVNnImvNDNWJHUmh8EXly1wSrE83KIuEcnbmw/lir/Sq4XZVn1xUSnXHRZuk1mVZNSE0xWRIT07p8ouyovVFTqioYZ1Fsu49Dr8lanRpqMknzViU+oNT6k3hRE7cWOip2cnX5RA3wCvNGNT6bqVbyTEHglqvLIjZ2Sz1Y787fli7Lt2UsMAAAAAAAAAAAAAAHHu626XdtAm6NXZZsxJTDcOTs5i7OauzkXqinYAGArtt26dBtRZecp8w/lo5XyU6jfbmoWfVDenzjCOb9lTZTY2kuo1K1HttlQp6pBnYWGTkm52XwH/AOWr1w7f7oqJ176tGk3vbkzRa7A5stFTLXp0fBenZ7F2cn+0XKKqGIKnI3ZoDqVDiwIi+nKwY2F5E/L56tcn8sp3auFTZQN/giWmV+UnUK2oVWo7+F6YZMyrly+XiY6td+74XdP4oktAAAAAAAAAAAAAABFtR7HpN/21Go9ahdF9UCYanuS8THR7V/VN06EpAFAeHnRWsaf3DUqvW6phV45aDKyr/bmIeekSJ+qN7pv8F/gAAAAAAAAAAAAAAAAAAAAAAAAAAAAAAAAAAAAAAAAAAAAAAAAAAAAAAAAAAAAAAAAAf//Z",
}
`;

exports[`convert edit the median 1`] = `
{
  "format": "jpeg",
  "image": "/9j/2wBDAAYEBQYFBAYGBQYHBwYIChAKCgkJChQODwwQFxQYGBcUFhYaHSUfGhsjHBYWICwgIyYnKSopGR8tMC0oMCUoKSj/2wBDAQcHBwoIChMKChMoGhYaKCgoKCgoKCgoKCgoKCgoKCgoKCgoKCgoKCgoKCgoKCgoKCgoKCgoKCgoKCgoKCgoKCj/wAARCABkAGQDASIAAhEBAxEB/8QAFQABAQAAAAAAAAAAAAAAAAAAAAj/xAAUEAEAAAAAAAAAAAAAAAAAAAAA/8QAFAEBAAAAAAAAAAAAAAAAAAAAAP/EABQRAQAAAAAAAAAAAAAAAAAAAAD/2gAMAwEAAhEDEQA/AKpAAAAAAAAAAAAAAAAAAAAAAAAAAAAAAAAAAAAAAAAAAAAAAAAAAAAAAAAAAAAAAAAAAAAAAAAAAAAAAAAAAAAAAAAAAAAAAAAAB//Z",
}
`;

exports[`convert edit the sharpen 1`] = `
{
  "format": "jpeg",
  "image": "/9j/2wBDAAYEBQYFBAYGBQYHBwYIChAKCgkJChQODwwQFxQYGBcUFhYaHSUfGhsjHBYWICwgIyYnKSopGR8tMC0oMCUoKSj/2wBDAQcHBwoIChMKChMoGhYaKCgoKCgoKCgoKCgoKCgoKCgoKCgoKCgoKCgoKCgoKCgoKCgoKCgoKCgoKCgoKCgoKCj/wAARCABkAGQDASIAAhEBAxEB/8QAGQABAQADAQAAAAAAAAAAAAAAAAgFBgcJ/8QAMBAAAgEDAgQFAwIHAAAAAAAAAAECAwQRBQYHEiExExQyQVEIImEWcRckUlaVodL/xAAUAQEAAAAAAAAAAAAAAAAAAAAA/8QAFBEBAAAAAAAAAAAAAAAAAAAAAP/aAAwDAQACEQMRAD8AqkAmX6yNzbh0C72pDQ9U1HSqFaFzKdWyvZ0XWknS+2UYtelNNN59b7Y6hTQPNb+I++P7y3J/lK//AEW/9OGpX2r8GNvX2q3lzfXtXzHiXFzVlVqTxc1Usyk23hJL9kgOlAAAAAAAAAAAAABwD6reH2599/pb9KaZ5/yXmvMfzFKlyc/g8vrlHOeSXbPY7+APPLcexd88JK2hbhvKNTTbmc3KjcW9SNTy9ZOS8Obi3HMormx1UotrriSVfcDOLNhxL0Plq+FabitILzlmn0ku3i089XBv27xbw85jKW/bh0XTtx6Ld6TrVrTu9PuoeHVo1F0a7pp9000mmuqaTWGiGeJOx9xcD99Wmq6Jd1/I+K6mnajFdfzSqrtzYymu0ll47pBe4OecF+J2n8Sttq5pclvq9slG+s0/RL+qPu4Prj47PsdDAAAAAAAAAAAAAABh93bb0zdu37vRtct1XsrmOJLtKL9pRftJPqmZgAQFunQN18A+I1vd2FeXJmUrK8UX4V5RyuanNfPZSjnKeGn6ZFj8JeI2k8SdtR1LTGqN5RxC9spSzO2qNf7i8Nxl7pPs00svvraOkb323c6Jr9v4trWWYzjhVKNRZ5akH7SWX+Gm0002nD+q6du76f8AiVSrW9XLWXQuFF+BqFvlZjKOf25o5zF4afpkwv8ABqPDDfuk8Q9s0tW0iXJUWIXNrOWZ29THWL+V8S918PKW3AAAAAAAAAAAAAAA1jiNsnSd/bYuNG1qlmEvvo14r77epjpOL+fx7rKfc2cAT79PHBXWtg7i1DWNd1Nwkue2o2lpUzTuKeelSp+PeMe67v4KCAAAAAAAAAAAAAAAAAAAAAAAAAAAAAAAAAAAAAAAAAAAAAAAAAAAAAAAAAAAAAAAAAA//9k=",
}
`;

exports[`convert edit the tint 1`] = `
{
  "format": "jpeg",
  "image": "/9j/2wBDAAYEBQYFBAYGBQYHBwYIChAKCgkJChQODwwQFxQYGBcUFhYaHSUfGhsjHBYWICwgIyYnKSopGR8tMC0oMCUoKSj/2wBDAQcHBwoIChMKChMoGhYaKCgoKCgoKCgoKCgoKCgoKCgoKCgoKCgoKCgoKCgoKCgoKCgoKCgoKCgoKCgoKCgoKCj/wAARCABkAGQDASIAAhEBAxEB/8QAGQABAAMBAQAAAAAAAAAAAAAAAAYHCAUJ/8QANBAAAQIFAgQFAgMJAAAAAAAAAAECAwQFBhEHQRITITEIFCIjUTJxF1KxVmGBkZKVwdHS/8QAFAEBAAAAAAAAAAAAAAAAAAAAAP/EABQRAQAAAAAAAAAAAAAAAAAAAAD/2gAMAwEAAhEDEQA/ANUgGZfGRc1w0CatRlDqlSpUGMyaV8WSnHwec5FhelyMVM8KYVFX8643A00DzW/Ee+P2yuT+6R/+jb/hwqU9V9GLenqrOTM9OxfMcyYmYrosR+JmKiZc5VVcIiJ9kAsoAAAAAAAAAAAAAKB8Vmn1z32y2EtSmpPeSWaWOnmIULh4+Vw/W5uc8Lu3wX8APPO5rDvbSWNQ7gm4USnzD3ccKPAiNf5eKir7b3NVW5VqZxlUVFVNnImvNDNWJHUmh8EXly1wSrE83KIuEcnbmw/lir/Sq4XZVn1xUSnXHRZuk1mVZNSE0xWRIT07p8ouyovVFTqioYZ1Fsu49Dr8lanRpqMknzViU+oNT6k3hRE7cWOip2cnX5RA3wCvNGNT6bqVbyTEHglqvLIjZ2Sz1Y787fli7Lt2UsMAAAAAAAAAAAAAAHHu626XdtAm6NXZZsxJTDcOTs5i7OauzkXqinYAGArtt26dBtRZecp8w/lo5XyU6jfbmoWfVDenzjCOb9lTZTY2kuo1K1HttlQp6pBnYWGTkm52XwH/AOWr1w7f7oqJ176tGk3vbkzRa7A5stFTLXp0fBenZ7F2cn+0XKKqGIKnI3ZoDqVDiwIi+nKwY2F5E/L56tcn8sp3auFTZQN/giWmV+UnUK2oVWo7+F6YZMyrly+XiY6td+74XdP4oktAAAAAAAAAAAAAABFtR7HpN/21Go9ahdF9UCYanuS8THR7V/VN06EpAFAeHnRWsaf3DUqvW6phV45aDKyr/bmIeekSJ+qN7pv8F/gAAAAAAAAAAAAAAAAAAAAAAAAAAAAAAAAAAAAAAAAAAAAAAAAAAAAAAAAAAAAAAAAAf//Z",
}
`;

exports[`convert enable the greyscale 1`] = `
{
  "format": "jpeg",
  "image": "/9j/2wBDAAYEBQYFBAYGBQYHBwYIChAKCgkJChQODwwQFxQYGBcUFhYaHSUfGhsjHBYWICwgIyYnKSopGR8tMC0oMCUoKSj/2wBDAQcHBwoIChMKChMoGhYaKCgoKCgoKCgoKCgoKCgoKCgoKCgoKCgoKCgoKCgoKCgoKCgoKCgoKCgoKCgoKCgoKCj/wAARCABkAGQDASIAAhEBAxEB/8QAGQABAAMBAQAAAAAAAAAAAAAAAAYHCAUJ/8QANBAAAQIFAgQFAgMJAAAAAAAAAAECAwQFBhEHQRITITEIFCIjUTJxF1KxVmGBkZKVwdHS/8QAFAEBAAAAAAAAAAAAAAAAAAAAAP/EABQRAQAAAAAAAAAAAAAAAAAAAAD/2gAMAwEAAhEDEQA/ANUgGZfGRc1w0CatRlDqlSpUGMyaV8WSnHwec5FhelyMVM8KYVFX8643A00DzW/Ee+P2yuT+6R/+jb/hwqU9V9GLenqrOTM9OxfMcyYmYrosR+JmKiZc5VVcIiJ9kAsoAAAAAAAAAAAAAKB8Vmn1z32y2EtSmpPeSWaWOnmIULh4+Vw/W5uc8Lu3wX8APPO5rDvbSWNQ7gm4USnzD3ccKPAiNf5eKir7b3NVW5VqZxlUVFVNnImvNDNWJHUmh8EXly1wSrE83KIuEcnbmw/lir/Sq4XZVn1xUSnXHRZuk1mVZNSE0xWRIT07p8ouyovVFTqioYZ1Fsu49Dr8lanRpqMknzViU+oNT6k3hRE7cWOip2cnX5RA3wCvNGNT6bqVbyTEHglqvLIjZ2Sz1Y787fli7Lt2UsMAAAAAAAAAAAAAAHHu626XdtAm6NXZZsxJTDcOTs5i7OauzkXqinYAGArtt26dBtRZecp8w/lo5XyU6jfbmoWfVDenzjCOb9lTZTY2kuo1K1HttlQp6pBnYWGTkm52XwH/AOWr1w7f7oqJ176tGk3vbkzRa7A5stFTLXp0fBenZ7F2cn+0XKKqGIKnI3ZoDqVDiwIi+nKwY2F5E/L56tcn8sp3auFTZQN/giWmV+UnUK2oVWo7+F6YZMyrly+XiY6td+74XdP4oktAAAAAAAAAAAAAABFtR7HpN/21Go9ahdF9UCYanuS8THR7V/VN06EpAFAeHnRWsaf3DUqvW6phV45aDKyr/bmIeekSJ+qN7pv8F/gAAAAAAAAAAAAAAAAAAAAAAAAAAAAAAAAAAAAAAAAAAAAAAAAAAAAAAAAAAAAAAAAAf//Z",
}
`;

exports[`convert enable the nagate 1`] = `
{
  "format": "jpeg",
  "image": "/9j/2wBDAAYEBQYFBAYGBQYHBwYIChAKCgkJChQODwwQFxQYGBcUFhYaHSUfGhsjHBYWICwgIyYnKSopGR8tMC0oMCUoKSj/2wBDAQcHBwoIChMKChMoGhYaKCgoKCgoKCgoKCgoKCgoKCgoKCgoKCgoKCgoKCgoKCgoKCgoKCgoKCgoKCgoKCgoKCj/wAARCABkAGQDASIAAhEBAxEB/8QAGQABAQADAQAAAAAAAAAAAAAAAAgFBgcJ/8QANBAAAQIFAgQFAgMJAAAAAAAAAAECAwQFBhEHQRITITEIFCIjUTJxF1KxVmGBkZKVwdHS/8QAFAEBAAAAAAAAAAAAAAAAAAAAAP/EABQRAQAAAAAAAAAAAAAAAAAAAAD/2gAMAwEAAhEDEQA/AJUAKa8G9s29X5W631yl02qxoL5VGQp2TZG5LVSL6mq9FxxLlFRPyJnYCZQelX4cWP8Asbbf9rgf8kQeI+myNI1nuGRpUnLSMlC8vy5eWhNhQ2ZloSrhrUREyqqv3UDmgAAAAAAAAAAAAAd+8KeoNsWI+51uupLI+dSVSAvl4sXi4ObxfQ12McTe/wAnAQB6G2zflk6tQa5b8pFh1CXY3giwI8NzPMQlRPcY1yI7COXGcIqKiLu1VkLXPSee02rnHC5kzb809fKTaplWr35UT4eif1ImU3RNBt2t1G3K1KVajTT5WflXo+HFYvZfhU3RU6Ki9FRS59Or0tzXGw5qmVmVgrOcpIdQp7l+ldosNe/Dnqi92r0+FUIGB0TWfTCpaa3CsvG45mkTKq6SncdHt/I74em6b90OdgAAAAAAAAAAAAAAzNo3JVLSr8pWaFMul52Xdlq92vTdrk3aqdFQwwAv20ritbXnTqYk6hLs5itRk7JK73JWLj0xGL8ZyrXfdF3QjrVrTmq6cXI+n1BFjSUXL5Oca3DI7P8ADk6Zbt9lRVxFi3dVrIuOWrVCj8qZhLhzF6sjMXux6btX/SphURS36ZPWnr9prEhR4aerCRoOU58hMY6Oav8APC9nJlF3QDz/AAbdqbYdW09uWLSawziYuXy001MMmIeejm/v+U2X+CrqIAAAAAAAAAAAAAANq04virWBcsGsUWL1T0x5dy+3MQ89WOT9F2XqaqAKA8Q2tVH1At6m0iiUvKJwTMaamme5LxMdYcP9Fd2Xb5J/AAAAAAAAAAAAAAAAAAAAAAAAAAAAAAAAAAAAAAAAAAAAAAAAAAAAAAAAAAAAAAAAAA//2Q==",
}
`;

exports[`convert enable the normalise 1`] = `
{
  "format": "jpeg",
  "image": "/9j/2wBDAAYEBQYFBAYGBQYHBwYIChAKCgkJChQODwwQFxQYGBcUFhYaHSUfGhsjHBYWICwgIyYnKSopGR8tMC0oMCUoKSj/2wBDAQcHBwoIChMKChMoGhYaKCgoKCgoKCgoKCgoKCgoKCgoKCgoKCgoKCgoKCgoKCgoKCgoKCgoKCgoKCgoKCgoKCj/wAARCABkAGQDASIAAhEBAxEB/8QAGQABAAMBAQAAAAAAAAAAAAAAAAYHCAUJ/8QANBAAAQIFAgQFAgMJAAAAAAAAAAECAwQFBhEHQRITITEIFCIjUTJxF1KxVmGBkZKVwdHS/8QAFAEBAAAAAAAAAAAAAAAAAAAAAP/EABQRAQAAAAAAAAAAAAAAAAAAAAD/2gAMAwEAAhEDEQA/ANUgGZfGRc1w0CatRlDqlSpUGMyaV8WSnHwec5FhelyMVM8KYVFX8643A00DzW/Ee+P2yuT+6R/+jb/hwqU9V9GLenqrOTM9OxfMcyYmYrosR+JmKiZc5VVcIiJ9kAsoAAAAAAAAAAAAAKB8Vmn1z32y2EtSmpPeSWaWOnmIULh4+Vw/W5uc8Lu3wX8APPO5rDvbSWNQ7gm4USnzD3ccKPAiNf5eKir7b3NVW5VqZxlUVFVNnImvNDNWJHUmh8EXly1wSrE83KIuEcnbmw/lir/Sq4XZVn1xUSnXHRZuk1mVZNSE0xWRIT07p8ouyovVFTqioYZ1Fsu49Dr8lanRpqMknzViU+oNT6k3hRE7cWOip2cnX5RA3wCvNGNT6bqVbyTEHglqvLIjZ2Sz1Y787fli7Lt2UsMAAAAAAAAAAAAAAHHu626XdtAm6NXZZsxJTDcOTs5i7OauzkXqinYAGArtt26dBtRZecp8w/lo5XyU6jfbmoWfVDenzjCOb9lTZTY2kuo1K1HttlQp6pBnYWGTkm52XwH/AOWr1w7f7oqJ176tGk3vbkzRa7A5stFTLXp0fBenZ7F2cn+0XKKqGIKnI3ZoDqVDiwIi+nKwY2F5E/L56tcn8sp3auFTZQN/giWmV+UnUK2oVWo7+F6YZMyrly+XiY6td+74XdP4oktAAAAAAAAAAAAAABFtR7HpN/21Go9ahdF9UCYanuS8THR7V/VN06EpAFAeHnRWsaf3DUqvW6phV45aDKyr/bmIeekSJ+qN7pv8F/gAAAAAAAAAAAAAAAAAAAAAAAAAAAAAAAAAAAAAAAAAAAAAAAAAAAAAAAAAAAAAAAAAf//Z",
}
`;

exports[`convert flip x and y axis 1`] = `
{
  "format": "jpeg",
  "image": "/9j/2wBDAAYEBQYFBAYGBQYHBwYIChAKCgkJChQODwwQFxQYGBcUFhYaHSUfGhsjHBYWICwgIyYnKSopGR8tMC0oMCUoKSj/2wBDAQcHBwoIChMKChMoGhYaKCgoKCgoKCgoKCgoKCgoKCgoKCgoKCgoKCgoKCgoKCgoKCgoKCgoKCgoKCgoKCgoKCj/wAARCABkAGQDASIAAhEBAxEB/8QAGgABAAMBAQEAAAAAAAAAAAAAAAUHCAYJBP/EADEQAAIBAwIFAgMHBQAAAAAAAAABAgMEBQYRBxIhMUETURQioQgYMmGBkdFCVZTB0//EABQBAQAAAAAAAAAAAAAAAAAAAAD/xAAUEQEAAAAAAAAAAAAAAAAAAAAA/9oADAMBAAIRAxEAPwDVIAAAAAAAAAAAAAAAAAAAAAAAAAAAAAAAAAAAAAAAAAAAAACKwWosPn5X0cLkba9dlWdvcKjPm9OovD/nt0fsyVAAAAAAAAAAAAAABFaqw61BpzI4l3lzZfGUZUfiLafLUp7run/ryt0SoA8/6NTVvADiW4yW7j+KPX0Mhb791/PeL+u3OH2s8TrvTVvmcHW5qM/lq0pfjoVF3hNeGvqtmujPh4qcPsTxF0zUxeUj6dxDedpdxjvO3qe690/MfK/NJrGen8xqrgHxIrW13RfKmo3Vq5P0b2jv0nB/u4y7p7p+UBv4EHovVOK1lp21zWCuFXtK67PpKnJd4TXiS8r9VummTgAAAAAAAAAAAAAAOC4w8NMZxJ047O85aGSoJysr1R3lRn7P3g+m6/Xukd6AMCaG1XqbgVxBurDKW1X4fnUL+wcvlrQ8VKb7b7dYy89mbm0vqDG6owVpmMJcwubG5jzQnHuveLXiSfRp9mcXxu4V4/iVgOR+nbZy1i3ZXjXbz6c/eD+j6rynlPhdr3P8FNbXeJzlrXWPdX08hj5d4vxVp+ObbZprpJbfk0G9QVnecdeG9lWhSuNTUlOdOFVclrXqLllFSXzRg1vs+q33T6PZrYswAAAAAAAAAAAAAAGMvtc6rxOS1jd6fq6e5MxivSjTy8LvZ1Kc6cKjhOnydUufp83Rrfy0bNKg179n/Sut9WX2ocrkM3Rvbz0/UhbVqUaa5KcYLZSpt9orz33AwZF7STa3S8HqbaXFK7taNzbzU6FaEalOS/qi1un+xQv3VNEf3XUn+RQ/4l/gAAAAAAAAAAAAAAAAAAAAAH//2Q==",
}
`;

exports[`convert flip x axis 1`] = `
{
  "format": "jpeg",
  "image": "/9j/2wBDAAYEBQYFBAYGBQYHBwYIChAKCgkJChQODwwQFxQYGBcUFhYaHSUfGhsjHBYWICwgIyYnKSopGR8tMC0oMCUoKSj/2wBDAQcHBwoIChMKChMoGhYaKCgoKCgoKCgoKCgoKCgoKCgoKCgoKCgoKCgoKCgoKCgoKCgoKCgoKCgoKCgoKCgoKCj/wAARCABkAGQDASIAAhEBAxEB/8QAGwABAQACAwEAAAAAAAAAAAAAAAgCBQMHCQT/xAA5EAACAgECBAMDBg8AAAAAAAAAAQIDBAYRBQchMQgSQRMUQhUkMjNRcRciIzRDU1ZhYoGSlaHS8P/EABQBAQAAAAAAAAAAAAAAAAAAAAD/xAAUEQEAAAAAAAAAAAAAAAAAAAAA/9oADAMBAAIRAxEAPwCqQAAAAAAAAAAAIg8R+tdVcI5z6hweFal43g4VXu/s8fGz7aq4b41Te0YySW7bf3tgW+DzW/CPrf8AbLUn90v/ANj0kxJ22YtM8ipU3ShGU6lLzeSTXWO/rs+m4HKAAAAAAAAAAABjbZCqudls4wrgnKUpPZRS7tv7AMMvIpxMW3Jyra6cemDsssskoxhFLdtt9kkRJz75t53Mrjdem9KxvlwGNyrqrri/aZ9u+yk49/Lv9GP8312S+zxE85b9b570tpGdsuBRsVdllSfmz7N+iSXVw37L4n1+w7d8OXJavReHXqDUlMLNS3w/J1S2awoNfRX8bXd+nZerYdBZfh35kY+RVHG4LVkxdcJuyGZRFRk4puO0pp7xb2fTbdPbddS9AAAAAAAAAAAAANpJttJLu2R14k+dctQ3X6S0fkN8JjL2eZl1Prly3+rg1+j37v4vu77LxMc7vfHlaP0flfNlvVxDOql9Z6OmDXw+kn69l0333Xho5I/JkcbV2sMb5+0rMDBtj9QvS2afx/Yvh7vr2DZeGzkmtM00ao1Zjp8csj5sTFsX5nFr6Ul+sa/pX799qHAAAAAAAAAAAAAarVfB3qDTnEeErNycH3ymVPvONLy2V7run/3Tc2oAmzkt4dXpzVGRxfWcsbN9yu24fRX+NCzbqrpp/wCIvs1u+yKTAAAAAAAAAAAAAAAAAAAAAAAAAAAAAAAAAAAAAAAAAAAAAAAAAAAAAAAAAAAAAAAAAA//2Q==",
}
`;

exports[`convert flip y axis 1`] = `
{
  "format": "jpeg",
  "image": "/9j/2wBDAAYEBQYFBAYGBQYHBwYIChAKCgkJChQODwwQFxQYGBcUFhYaHSUfGhsjHBYWICwgIyYnKSopGR8tMC0oMCUoKSj/2wBDAQcHBwoIChMKChMoGhYaKCgoKCgoKCgoKCgoKCgoKCgoKCgoKCgoKCgoKCgoKCgoKCgoKCgoKCgoKCgoKCgoKCj/wAARCABkAGQDASIAAhEBAxEB/8QAGwABAAIDAQEAAAAAAAAAAAAAAAYIAgUHCQT/xAA5EAABAwIDBQQGCQUAAAAAAAAAAQIDBBEFBhIHCBMxQSEyQlEUFSM0YYEYIiVDUlNVcZGSlLPR0//EABQBAQAAAAAAAAAAAAAAAAAAAAD/xAAUEQEAAAAAAAAAAAAAAAAAAAAA/9oADAMBAAIRAxEAPwC1IAAAAAAAAAAAAAAAAAAAAAAAAAAAAAAAAAAAAAAAAAAAAADVYBmLB8wtq3YHiNNXJSTOp51hfq4cic0X/fJehtQAAAAAAAAAAAAAAVd3mNt3oyVWT8n1Xt1vFiNdE7udFhYqdejl6cud7bLeV22pgUdRlPKNT9rPRWVtZG73VF5xsX8xeq+H9+7E92nYkuLyU2bs4Uyrh6KklBRSp7wvSV6L4PJPFz5d4JLul7MMWwNrs34zPU0TayHRTUCOVvFjXtSSVPL8KfPyLLgAAAAAAAAAACLZ52gZYyIlEuasTSg9M18D2EsuvRp1dxrrW1t5+YEpOAbyG2pmUaabLeV52uzDM209QxbpRMVP8ipy8k7fIw2x7wmD4XlSBmRK1lfiuJRqsU6Mc1KVl1ar3NciLrui6WqnxXstq5Pu+7HqraBiq5mzYkzsBbKsi8Vy68QlvdUvz037zuq9idt1QPu3cdi8mbKuPNeb4XrgrX66enlveuffvOv92i/1L8L3uWxrWNRrERrWpZERLIiGMEMdPBHDBGyKGNqMZGxqNa1qJZERE5IiGYAAAAAAAAAAACqO/JUxOqMnUzXIs8bKuRzfJrlhRF+atd/Ba4gG1fZVge031X6+qsSp/V3F4XoUjGauJo1atTHX7iWtbqB58YJUUNLi1LPi9FJX0Mb0dLSxz8FZUTw69LtKL1sl7crcz0V2P5jp82bOMFxiiwuPCaWZkkcVDHIj2wtjkdGiIqNb2fUvyS17HMfoqZH/AFXMn9xB/wATr+QsqUOSMp0OXsKlqZqKj4nDfUua6RdcjnrdWoic3L0TssBIAAAAAAAAAAAAAAAAAAAAAAAAAAAAAAAAf//Z",
}
`;

exports[`convert resize the picture 1`] = `
{
  "format": "jpeg",
  "image": "/9j/2wBDAAYEBQYFBAYGBQYHBwYIChAKCgkJChQODwwQFxQYGBcUFhYaHSUfGhsjHBYWICwgIyYnKSopGR8tMC0oMCUoKSj/2wBDAQcHBwoIChMKChMoGhYaKCgoKCgoKCgoKCgoKCgoKCgoKCgoKCgoKCgoKCgoKCgoKCgoKCgoKCgoKCgoKCgoKCj/wAARCABkAGQDASIAAhEBAxEB/8QAGQABAAMBAQAAAAAAAAAAAAAAAAYHCAUJ/8QANBAAAQIFAgQFAgMJAAAAAAAAAAECAwQFBhEHQRITITEIFCIjUTJxF1KxVmGBkZKVwdHS/8QAFAEBAAAAAAAAAAAAAAAAAAAAAP/EABQRAQAAAAAAAAAAAAAAAAAAAAD/2gAMAwEAAhEDEQA/ANUgGZfGRc1w0CatRlDqlSpUGMyaV8WSnHwec5FhelyMVM8KYVFX8643A00DzW/Ee+P2yuT+6R/+jb/hwqU9V9GLenqrOTM9OxfMcyYmYrosR+JmKiZc5VVcIiJ9kAsoAAAAAAAAAAAAAKB8Vmn1z32y2EtSmpPeSWaWOnmIULh4+Vw/W5uc8Lu3wX8APPO5rDvbSWNQ7gm4USnzD3ccKPAiNf5eKir7b3NVW5VqZxlUVFVNnImvNDNWJHUmh8EXly1wSrE83KIuEcnbmw/lir/Sq4XZVn1xUSnXHRZuk1mVZNSE0xWRIT07p8ouyovVFTqioYZ1Fsu49Dr8lanRpqMknzViU+oNT6k3hRE7cWOip2cnX5RA3wCvNGNT6bqVbyTEHglqvLIjZ2Sz1Y787fli7Lt2UsMAAAAAAAAAAAAAAHHu626XdtAm6NXZZsxJTDcOTs5i7OauzkXqinYAGArtt26dBtRZecp8w/lo5XyU6jfbmoWfVDenzjCOb9lTZTY2kuo1K1HttlQp6pBnYWGTkm52XwH/AOWr1w7f7oqJ176tGk3vbkzRa7A5stFTLXp0fBenZ7F2cn+0XKKqGIKnI3ZoDqVDiwIi+nKwY2F5E/L56tcn8sp3auFTZQN/giWmV+UnUK2oVWo7+F6YZMyrly+XiY6td+74XdP4oktAAAAAAAAAAAAAABFtR7HpN/21Go9ahdF9UCYanuS8THR7V/VN06EpAFAeHnRWsaf3DUqvW6phV45aDKyr/bmIeekSJ+qN7pv8F/gAAAAAAAAAAAAAAAAAAAAAAAAAAAAAAAAAAAAAAAAAAAAAAAAAAAAAAAAAAAAAAAAAf//Z",
}
`;

exports[`convert rotate 45 degree 1`] = `
{
  "format": "jpeg",
  "image": "/9j/2wBDAAYEBQYFBAYGBQYHBwYIChAKCgkJChQODwwQFxQYGBcUFhYaHSUfGhsjHBYWICwgIyYnKSopGR8tMC0oMCUoKSj/2wBDAQcHBwoIChMKChMoGhYaKCgoKCgoKCgoKCgoKCgoKCgoKCgoKCgoKCgoKCgoKCgoKCgoKCgoKCgoKCgoKCgoKCj/wAARCACNAI0DASIAAhEBAxEB/8QAGwABAAIDAQEAAAAAAAAAAAAAAAUHBAYIAgP/xAAxEAEAAQMCBQIDBwUBAAAAAAAAAQIDBAURBgcIEjEhQRMiMjNRUmFykcFCoaKx0bL/xAAUAQEAAAAAAAAAAAAAAAAAAAAA/8QAFBEBAAAAAAAAAAAAAAAAAAAAAP/aAAwDAQACEQMRAD8A6pAAAAAAAABi6dqOFqdmu9p2Xj5Vqi5VZrrs3IrimumdqqZmPeJ9JgGUAAAAAAAAAAAAAAADlrqa5126beTwfwjkTVfivsz861VMfDmJ+ytzH9W8es+3iPXxSfJrmjqnLXXvj4/dk6RkVRGZgzVtFyPxU/dXHtPv4levVVyu0Kxo+ocb4XdiZ+9FN6xbiPh37lVcR3/lVtvv9/nzvvUXKbk7kcyuFc/N0vPt4moYmbbszTfifh12qojun0jeKqfP5+PTyDuLhPiTS+LNBxdY0LKpycHIp3pqjzTPvTVHtVHvCXary24G0nl/wzZ0fRaJmmJ+Jfv1/XfuTERNdX7RtHtENqAAAAAAAAAAAAAABTXVpX2cmc+N5+bJsU+n64/41fomo24J12v0+bOiP2ohPdYFfbyhrp3+vOsx/uf4RfRbR28utUr/ABahV/aikHQYAAAAAAAAAAAAAAAKH6yq5p5VY1Md21Wo2t9p9Ppr8vPRpR28rcqr0+bULnj9NLG6064p5caXT8u9WpU7bz6/Z1+En0e0dvKKKvX5s69P/kF4AAAAAAAAAAAAAAAA5z62K9uB9Co3+rPmfH3W5/62bpIo7eTeHP48q/P+W38LP4k4a0XibHt2Nf0zG1CzbmaqKL9HdFMz52ffQdF07QNOowNGw7WHh0TNVNm1G1MTM7yCQAAAAAAAAAAAAAAAAAAAAAAAAAAAAAAAAAAAAAAAAAAAAAAAAAAAAAAAAAAAAAAAAAAAAAAAAAAAAAAAB//Z",
}
`;
